Archive member included to satisfy reference by file (symbol)

C:/ST/STM32CubeIDE_2.0.0/STM32CubeIDE/plugins/com.st.stm32cube.ide.mcu.externaltools.gnu-tools-for-stm32.13.3.rel1.win32_1.0.100.202509120712/tools/bin/../lib/gcc/arm-none-eabi/13.3.1/../../../../arm-none-eabi/lib/thumb/v7e-m+fp/hard\libc_nano.a(libc_a-calloc.o)
                              ./Src/bignum.o (calloc)
C:/ST/STM32CubeIDE_2.0.0/STM32CubeIDE/plugins/com.st.stm32cube.ide.mcu.externaltools.gnu-tools-for-stm32.13.3.rel1.win32_1.0.100.202509120712/tools/bin/../lib/gcc/arm-none-eabi/13.3.1/../../../../arm-none-eabi/lib/thumb/v7e-m+fp/hard\libc_nano.a(libc_a-callocr.o)
                              C:/ST/STM32CubeIDE_2.0.0/STM32CubeIDE/plugins/com.st.stm32cube.ide.mcu.externaltools.gnu-tools-for-stm32.13.3.rel1.win32_1.0.100.202509120712/tools/bin/../lib/gcc/arm-none-eabi/13.3.1/../../../../arm-none-eabi/lib/thumb/v7e-m+fp/hard\libc_nano.a(libc_a-calloc.o) (_calloc_r)
C:/ST/STM32CubeIDE_2.0.0/STM32CubeIDE/plugins/com.st.stm32cube.ide.mcu.externaltools.gnu-tools-for-stm32.13.3.rel1.win32_1.0.100.202509120712/tools/bin/../lib/gcc/arm-none-eabi/13.3.1/../../../../arm-none-eabi/lib/thumb/v7e-m+fp/hard\libc_nano.a(libc_a-exit.o)
                              C:/ST/STM32CubeIDE_2.0.0/STM32CubeIDE/plugins/com.st.stm32cube.ide.mcu.externaltools.gnu-tools-for-stm32.13.3.rel1.win32_1.0.100.202509120712/tools/bin/../lib/gcc/arm-none-eabi/13.3.1/../../../../arm-none-eabi/lib/thumb/v7e-m+fp/hard/crt0.o (exit)
C:/ST/STM32CubeIDE_2.0.0/STM32CubeIDE/plugins/com.st.stm32cube.ide.mcu.externaltools.gnu-tools-for-stm32.13.3.rel1.win32_1.0.100.202509120712/tools/bin/../lib/gcc/arm-none-eabi/13.3.1/../../../../arm-none-eabi/lib/thumb/v7e-m+fp/hard\libc_nano.a(libc_a-malloc.o)
                              ./Src/bignum.o (free)
C:/ST/STM32CubeIDE_2.0.0/STM32CubeIDE/plugins/com.st.stm32cube.ide.mcu.externaltools.gnu-tools-for-stm32.13.3.rel1.win32_1.0.100.202509120712/tools/bin/../lib/gcc/arm-none-eabi/13.3.1/../../../../arm-none-eabi/lib/thumb/v7e-m+fp/hard\libc_nano.a(libc_a-mallocr.o)
                              C:/ST/STM32CubeIDE_2.0.0/STM32CubeIDE/plugins/com.st.stm32cube.ide.mcu.externaltools.gnu-tools-for-stm32.13.3.rel1.win32_1.0.100.202509120712/tools/bin/../lib/gcc/arm-none-eabi/13.3.1/../../../../arm-none-eabi/lib/thumb/v7e-m+fp/hard\libc_nano.a(libc_a-callocr.o) (_malloc_r)
C:/ST/STM32CubeIDE_2.0.0/STM32CubeIDE/plugins/com.st.stm32cube.ide.mcu.externaltools.gnu-tools-for-stm32.13.3.rel1.win32_1.0.100.202509120712/tools/bin/../lib/gcc/arm-none-eabi/13.3.1/../../../../arm-none-eabi/lib/thumb/v7e-m+fp/hard\libc_nano.a(libc_a-mlock.o)
                              C:/ST/STM32CubeIDE_2.0.0/STM32CubeIDE/plugins/com.st.stm32cube.ide.mcu.externaltools.gnu-tools-for-stm32.13.3.rel1.win32_1.0.100.202509120712/tools/bin/../lib/gcc/arm-none-eabi/13.3.1/../../../../arm-none-eabi/lib/thumb/v7e-m+fp/hard\libc_nano.a(libc_a-mallocr.o) (__malloc_lock)
C:/ST/STM32CubeIDE_2.0.0/STM32CubeIDE/plugins/com.st.stm32cube.ide.mcu.externaltools.gnu-tools-for-stm32.13.3.rel1.win32_1.0.100.202509120712/tools/bin/../lib/gcc/arm-none-eabi/13.3.1/../../../../arm-none-eabi/lib/thumb/v7e-m+fp/hard\libc_nano.a(libc_a-fclose.o)
                              ./Src/md.o (fclose)
C:/ST/STM32CubeIDE_2.0.0/STM32CubeIDE/plugins/com.st.stm32cube.ide.mcu.externaltools.gnu-tools-for-stm32.13.3.rel1.win32_1.0.100.202509120712/tools/bin/../lib/gcc/arm-none-eabi/13.3.1/../../../../arm-none-eabi/lib/thumb/v7e-m+fp/hard\libc_nano.a(libc_a-ferror.o)
                              ./Src/md.o (ferror)
C:/ST/STM32CubeIDE_2.0.0/STM32CubeIDE/plugins/com.st.stm32cube.ide.mcu.externaltools.gnu-tools-for-stm32.13.3.rel1.win32_1.0.100.202509120712/tools/bin/../lib/gcc/arm-none-eabi/13.3.1/../../../../arm-none-eabi/lib/thumb/v7e-m+fp/hard\libc_nano.a(libc_a-fflush.o)
                              C:/ST/STM32CubeIDE_2.0.0/STM32CubeIDE/plugins/com.st.stm32cube.ide.mcu.externaltools.gnu-tools-for-stm32.13.3.rel1.win32_1.0.100.202509120712/tools/bin/../lib/gcc/arm-none-eabi/13.3.1/../../../../arm-none-eabi/lib/thumb/v7e-m+fp/hard\libc_nano.a(libc_a-fclose.o) (__sflush_r)
C:/ST/STM32CubeIDE_2.0.0/STM32CubeIDE/plugins/com.st.stm32cube.ide.mcu.externaltools.gnu-tools-for-stm32.13.3.rel1.win32_1.0.100.202509120712/tools/bin/../lib/gcc/arm-none-eabi/13.3.1/../../../../arm-none-eabi/lib/thumb/v7e-m+fp/hard\libc_nano.a(libc_a-fgets.o)
                              ./Src/bignum.o (fgets)
C:/ST/STM32CubeIDE_2.0.0/STM32CubeIDE/plugins/com.st.stm32cube.ide.mcu.externaltools.gnu-tools-for-stm32.13.3.rel1.win32_1.0.100.202509120712/tools/bin/../lib/gcc/arm-none-eabi/13.3.1/../../../../arm-none-eabi/lib/thumb/v7e-m+fp/hard\libc_nano.a(libc_a-findfp.o)
[...]
Memory Configuration

Name             Origin             Length             Attributes
RAM              0x20000000         0x00020000         xrw
FLASH            0x80000000         0x00010000         xr
*default*        0x00000000         0xffffffff

Linker script and memory map

LOAD C:/ST/STM32CubeIDE_2.0.0/STM32CubeIDE/plugins/com.st.stm32cube.ide.mcu.externaltools.gnu-tools-for-stm32.13.3.rel1.win32_1.0.100.202509120712/tools/bin/../lib/gcc/arm-none-eabi/13.3.1/thumb/v7e-m+fp/hard/crti.o
LOAD C:/ST/STM32CubeIDE_2.0.0/STM32CubeIDE/plugins/com.st.stm32cube.ide.mcu.externaltools.gnu-tools-for-stm32.13.3.rel1.win32_1.0.100.202509120712/tools/bin/../lib/gcc/arm-none-eabi/13.3.1/thumb/v7e-m+fp/hard/crtbegin.o
LOAD C:/ST/STM32CubeIDE_2.0.0/STM32CubeIDE/plugins/com.st.stm32cube.ide.mcu.externaltools.gnu-tools-for-stm32.13.3.rel1.win32_1.0.100.202509120712/tools/bin/../lib/gcc/arm-none-eabi/13.3.1/../../../../arm-none-eabi/lib/thumb/v7e-m+fp/hard/crt0.o
LOAD ./Src/BOOTLOADER/boot_control.o
LOAD ./Src/BOOTLOADER/boot_jump.o
LOAD ./Src/BOOTLOADER/boot_verify.o
LOAD ./Src/OTA/ota_manager.o
LOAD ./Src/OTA/ota_packet.o
LOAD ./Src/OTA/ota_state.o
LOAD ./Src/bignum.o
LOAD ./Src/constant_time.o
LOAD ./Src/ecdsa.o
LOAD ./Src/ecp.o
LOAD ./Src/flash_if.o
LOAD ./Src/main.o
LOAD ./Src/md.o
LOAD ./Src/platform_util.o
LOAD ./Src/sha256.o
LOAD ./Src/syscalls.o
LOAD ./Src/sysmem.o
LOAD ./Src/uart_if.o
LOAD ./Startup/startup_stm32f411retx.o
START GROUP
LOAD C:/ST/STM32CubeIDE_2.0.0/STM32CubeIDE/plugins/com.st.stm32cube.ide.mcu.externaltools.gnu-tools-for-stm32.13.3.rel1.win32_1.0.100.202509120712/tools/bin/../lib/gcc/arm-none-eabi/13.3.1/../../../../arm-none-eabi/lib/thumb/v7e-m+fp/hard\libc_nano.a
LOAD C:/ST/STM32CubeIDE_2.0.0/STM32CubeIDE/plugins/com.st.stm32cube.ide.mcu.externaltools.gnu-tools-for-stm32.13.3.rel1.win32_1.0.100.202509120712/tools/bin/../lib/gcc/arm-none-eabi/13.3.1/../../../../arm-none-eabi/lib/thumb/v7e-m+fp/hard\libm.a
END GROUP
START GROUP
LOAD C:/ST/STM32CubeIDE_2.0.0/STM32CubeIDE/plugins/com.st.stm32cube.ide.mcu.externaltools.gnu-tools-for-stm32.13.3.rel1.win32_1.0.100.202509120712/tools/bin/../lib/gcc/arm-none-eabi/13.3.1/thumb/v7e-m+fp/hard\libgcc.a
LOAD C:/ST/STM32CubeIDE_2.0.0/STM32CubeIDE/plugins/com.st.stm32cube.ide.mcu.externaltools.gnu-tools-for-stm32.13.3.rel1.win32_1.0.100.202509120712/tools/bin/../lib/gcc/arm-none-eabi/13.3.1/../../../../arm-none-eabi/lib/thumb/v7e-m+fp/hard\libc_nano.a
END GROUP
START GROUP
LOAD C:/ST/STM32CubeIDE_2.0.0/STM32CubeIDE/plugins/com.st.stm32cube.ide.mcu.externaltools.gnu-tools-for-stm32.13.3.rel1.win32_1.0.100.202509120712/tools/bin/../lib/gcc/arm-none-eabi/13.3.1/thumb/v7e-m+fp/hard\libgcc.a
LOAD C:/ST/STM32CubeIDE_2.0.0/STM32CubeIDE/plugins/com.st.stm32cube.ide.mcu.externaltools.gnu-tools-for-stm32.13.3.rel1.win32_1.0.100.202509120712/tools/bin/../lib/gcc/arm-none-eabi/13.3.1/../../../../arm-none-eabi/lib/thumb/v7e-m+fp/hard\libc_nano.a
LOAD C:/ST/STM32CubeIDE_2.0.0/STM32CubeIDE/plugins/com.st.stm32cube.ide.mcu.externaltools.gnu-tools-for-stm32.13.3.rel1.win32_1.0.100.202509120712/tools/bin/../lib/gcc/arm-none-eabi/13.3.1/../../../../arm-none-eabi/lib/thumb/v7e-m+fp/hard\libnosys.a
END GROUP
START GROUP
LOAD C:/ST/STM32CubeIDE_2.0.0/STM32CubeIDE/plugins/com.st.stm32cube.ide.mcu.externaltools.gnu-tools-for-stm32.13.3.rel1.win32_1.0.100.202509120712/tools/bin/../lib/gcc/arm-none-eabi/13.3.1/thumb/v7e-m+fp/hard\libgcc.a
LOAD C:/ST/STM32CubeIDE_2.0.0/STM32CubeIDE/plugins/com.st.stm32cube.ide.mcu.externaltools.gnu-tools-for-stm32.13.3.rel1.win32_1.0.100.202509120712/tools/bin/../lib/gcc/arm-none-eabi/13.3.1/../../../../arm-none-eabi/lib/thumb/v7e-m+fp/hard\libc_nano.a
LOAD C:/ST/STM32CubeIDE_2.0.0/STM32CubeIDE/plugins/com.st.stm32cube.ide.mcu.externaltools.gnu-tools-for-stm32.13.3.rel1.win32_1.0.100.202509120712/tools/bin/../lib/gcc/arm-none-eabi/13.3.1/../../../../arm-none-eabi/lib/thumb/v7e-m+fp/hard\libnosys.a
END GROUP
LOAD C:/ST/STM32CubeIDE_2.0.0/STM32CubeIDE/plugins/com.st.stm32cube.ide.mcu.externaltools.gnu-tools-for-stm32.13.3.rel1.win32_1.0.100.202509120712/tools/bin/../lib/gcc/arm-none-eabi/13.3.1/thumb/v7e-m+fp/hard/crtend.o
LOAD C:/ST/STM32CubeIDE_2.0.0/STM32CubeIDE/plugins/com.st.stm32cube.ide.mcu.externaltools.gnu-tools-for-stm32.13.3.rel1.win32_1.0.100.202509120712/tools/bin/../lib/gcc/arm-none-eabi/13.3.1/thumb/v7e-m+fp/hard/crtn.o
                0x20020000                        _estack = (ORIGIN (RAM) + LENGTH (RAM))
                0x00000200                        _Min_Heap_Size = 0x200
                0x00000400                        _Min_Stack_Size = 0x400

.isr_vector     0x80000000      0x198
                0x80000000                        . = ALIGN (0x4)
 *(.isr_vector)
 .isr_vector    0x80000000      0x198 ./Startup/startup_stm32f411retx.o
                0x80000000                g_pfnVectors
                0x80000198                        . = ALIGN (0x4)

.text           0x80000198     0x2b78
                0x80000198                        . = ALIGN (0x4)
 *(.text)
 .text          0x80000198       0x40 C:/ST/STM32CubeIDE_2.0.0/STM32CubeIDE/plugins/com.st.stm32cube.ide.mcu.externaltools.gnu-tools-for-stm32.13.3.rel1.win32_1.0.100.202509120712/tools/bin/../lib/gcc/arm-none-eabi/13.3.1/thumb/v7e-m+fp/hard/crtbegin.o
 *(.text*)
 .text.check_ota
                0x800001d8       0x2c ./Src/BOOTLOADER/boot_control.o
                0x800001d8                check_ota
 .text.control_flow
                0x80000204       0x34 ./Src/BOOTLOADER/boot_control.o
                0x80000204                control_flow
 .text.jump_to_app
                0x80000238       0x44 ./Src/BOOTLOADER/boot_jump.o
                0x80000238                jump_to_app
 .text.OTA_init
                0x8000027c       0x38 ./Src/OTA/ota_manager.o
                0x8000027c                OTA_init
 .text.OTA_run  0x800002b4      0x19c ./Src/OTA/ota_manager.o
                0x800002b4                OTA_run
 .text.flash_erase
                0x80000450       0x80 ./Src/flash_if.o
                0x80000450                flash_erase
 .text.flash_write
                0x800004d0       0xc0 ./Src/flash_if.o
                0x800004d0                flash_write
 .text.main     0x80000590        0xc ./Src/main.o
                0x80000590                main
 .text.mbedtls_platform_zeroize
                0x8000059c       0x28 ./Src/platform_util.o
                0x8000059c                mbedtls_platform_zeroize
 .text.mbedtls_sha256_init
                0x800005c4       0x1a ./Src/sha256.o
                0x800005c4                mbedtls_sha256_init
 .text.mbedtls_sha256_free
                0x800005de       0x20 ./Src/sha256.o
                0x800005de                mbedtls_sha256_free
 *fill*         0x800005fe        0x2 
 .text.mbedtls_sha256_starts_ret
                0x80000600       0xd4 ./Src/sha256.o
                0x80000600                mbedtls_sha256_starts_ret
 .text.mbedtls_internal_sha256_process
                0x800006d4     0x1f98 ./Src/sha256.o
                0x800006d4                mbedtls_internal_sha256_process
 .text.mbedtls_sha256_update_ret
                0x8000266c       0xf0 ./Src/sha256.o
                0x8000266c                mbedtls_sha256_update_ret
 .text.mbedtls_sha256_finish_ret
                0x8000275c      0x2d4 ./Src/sha256.o
                0x8000275c                mbedtls_sha256_finish_ret
 .text.mbedtls_sha256_ret
                0x80002a30       0x76 ./Src/sha256.o
                0x80002a30                mbedtls_sha256_ret
 .text.mbedtls_sha256
                0x80002aa6       0x22 ./Src/sha256.o
                0x80002aa6                mbedtls_sha256
 .text.uart_init
                0x80002ac8       0xb8 ./Src/uart_if.o
                0x80002ac8                uart_init
 .text.uart_tx_byte
                0x80002b80       0x30 ./Src/uart_if.o
                0x80002b80                uart_tx_byte
 .text.uart_rx_byte
                0x80002bb0       0x28 ./Src/uart_if.o
                0x80002bb0                uart_rx_byte
 .text.uart_rx_buffer
                0x80002bd8       0x38 ./Src/uart_if.o
                0x80002bd8                uart_rx_buffer
 .text.Reset_Handler
                0x80002c10       0x50 ./Startup/startup_stm32f411retx.o
                0x80002c10                Reset_Handler
 .text.Default_Handler
                0x80002c60        0x2 ./Startup/startup_stm32f411retx.o
                0x80002c60                RTC_Alarm_IRQHandler
                0x80002c60                EXTI2_IRQHandler
                0x80002c60                DebugMon_Handler
                0x80002c60                SPI4_IRQHandler
                0x80002c60                TIM1_CC_IRQHandler
                0x80002c60                DMA2_Stream5_IRQHandler
                0x80002c60                HardFault_Handler
                0x80002c60                DMA1_Stream5_IRQHandler
                0x80002c60                SysTick_Handler
                0x80002c60                PVD_IRQHandler
                0x80002c60                SDIO_IRQHandler
                0x80002c60                TAMP_STAMP_IRQHandler
                0x80002c60                PendSV_Handler
                0x80002c60                NMI_Handler
                0x80002c60                EXTI3_IRQHandler
                0x80002c60                TIM1_UP_TIM10_IRQHandler
                0x80002c60                I2C3_ER_IRQHandler
                0x80002c60                EXTI0_IRQHandler
                0x80002c60                I2C2_EV_IRQHandler
                0x80002c60                DMA1_Stream2_IRQHandler
                0x80002c60                UsageFault_Handler
                0x80002c60                DMA2_Stream2_IRQHandler
                0x80002c60                SPI1_IRQHandler
                0x80002c60                TIM1_BRK_TIM9_IRQHandler
                0x80002c60                DMA2_Stream3_IRQHandler
                0x80002c60                USART6_IRQHandler
                0x80002c60                DMA2_Stream0_IRQHandler
                0x80002c60                TIM4_IRQHandler
                0x80002c60                I2C1_EV_IRQHandler
                0x80002c60                DMA1_Stream6_IRQHandler
                0x80002c60                DMA1_Stream1_IRQHandler
                0x80002c60                TIM3_IRQHandler
                0x80002c60                RCC_IRQHandler
                0x80002c60                Default_Handler
                0x80002c60                EXTI15_10_IRQHandler
                0x80002c60                ADC_IRQHandler
                0x80002c60                DMA1_Stream7_IRQHandler
                0x80002c60                SPI5_IRQHandler
                0x80002c60                TIM5_IRQHandler
                0x80002c60                DMA2_Stream7_IRQHandler
                0x80002c60                I2C3_EV_IRQHandler
                0x80002c60                EXTI9_5_IRQHandler
                0x80002c60                RTC_WKUP_IRQHandler
                0x80002c60                SPI2_IRQHandler
                0x80002c60                MemManage_Handler
                0x80002c60                DMA1_Stream0_IRQHandler
                0x80002c60                SVC_Handler
                0x80002c60                EXTI4_IRQHandler
                0x80002c60                WWDG_IRQHandler
                0x80002c60                TIM2_IRQHandler
                0x80002c60                OTG_FS_WKUP_IRQHandler
                0x80002c60                TIM1_TRG_COM_TIM11_IRQHandler
                0x80002c60                EXTI1_IRQHandler
                0x80002c60                USART2_IRQHandler
                0x80002c60                I2C2_ER_IRQHandler
                0x80002c60                DMA2_Stream1_IRQHandler
                0x80002c60                FLASH_IRQHandler
                0x80002c60                DMA2_Stream4_IRQHandler
                0x80002c60                BusFault_Handler
                0x80002c60                USART1_IRQHandler
                0x80002c60                OTG_FS_IRQHandler
                0x80002c60                SPI3_IRQHandler
                0x80002c60                DMA1_Stream4_IRQHandler
                0x80002c60                I2C1_ER_IRQHandler
                0x80002c60                DMA2_Stream6_IRQHandler
                0x80002c60                DMA1_Stream3_IRQHandler
 .text.memcmp   0x80002c62       0x20 C:/ST/STM32CubeIDE_2.0.0/STM32CubeIDE/plugins/com.st.stm32cube.ide.mcu.externaltools.gnu-tools-for-stm32.13.3.rel1.win32_1.0.100.202509120712/tools/bin/../lib/gcc/arm-none-eabi/13.3.1/../../../../arm-none-eabi/lib/thumb/v7e-m+fp/hard\libc_nano.a(libc_a-memcmp.o)
                0x80002c62                memcmp
 .text.memset   0x80002c82       0x10 C:/ST/STM32CubeIDE_2.0.0/STM32CubeIDE/plugins/com.st.stm32cube.ide.mcu.externaltools.gnu-tools-for-stm32.13.3.rel1.win32_1.0.100.202509120712/tools/bin/../lib/gcc/arm-none-eabi/13.3.1/../../../../arm-none-eabi/lib/thumb/v7e-m+fp/hard\libc_nano.a(libc_a-memset.o)
                0x80002c82                memset
 *fill*         0x80002c92        0x2 
 .text.__libc_init_array
                0x80002c94       0x48 C:/ST/STM32CubeIDE_2.0.0/STM32CubeIDE/plugins/com.st.stm32cube.ide.mcu.externaltools.gnu-tools-for-stm32.13.3.rel1.win32_1.0.100.202509120712/tools/bin/../lib/gcc/arm-none-eabi/13.3.1/../../../../arm-none-eabi/lib/thumb/v7e-m+fp/hard\libc_nano.a(libc_a-init.o)
                0x80002c94                __libc_init_array
 .text.memcpy   0x80002cdc       0x1c C:/ST/STM32CubeIDE_2.0.0/STM32CubeIDE/plugins/com.st.stm32cube.ide.mcu.externaltools.gnu-tools-for-stm32.13.3.rel1.win32_1.0.100.202509120712/tools/bin/../lib/gcc/arm-none-eabi/13.3.1/../../../../arm-none-eabi/lib/thumb/v7e-m+fp/hard\libc_nano.a(libc_a-memcpy-stub.o)
                0x80002cdc                memcpy
 *(.glue_7)
 .glue_7        0x80002cf8        0x0 linker stubs
 *(.glue_7t)
 .glue_7t       0x80002cf8        0x0 linker stubs
 *(.eh_frame)
 .eh_frame      0x80002cf8        0x0 C:/ST/STM32CubeIDE_2.0.0/STM32CubeIDE/plugins/com.st.stm32cube.ide.mcu.externaltools.gnu-tools-for-stm32.13.3.rel1.win32_1.0.100.202509120712/tools/bin/../lib/gcc/arm-none-eabi/13.3.1/thumb/v7e-m+fp/hard/crtbegin.o
 *(.init)
 .init          0x80002cf8        0x4 C:/ST/STM32CubeIDE_2.0.0/STM32CubeIDE/plugins/com.st.stm32cube.ide.mcu.externaltools.gnu-tools-for-stm32.13.3.rel1.win32_1.0.100.202509120712/tools/bin/../lib/gcc/arm-none-eabi/13.3.1/thumb/v7e-m+fp/hard/crti.o
                0x80002cf8                _init
 .init          0x80002cfc        0x8 C:/ST/STM32CubeIDE_2.0.0/STM32CubeIDE/plugins/com.st.stm32cube.ide.mcu.externaltools.gnu-tools-for-stm32.13.3.rel1.win32_1.0.100.202509120712/tools/bin/../lib/gcc/arm-none-eabi/13.3.1/thumb/v7e-m+fp/hard/crtn.o
 *(.fini)
 .fini          0x80002d04        0x4 C:/ST/STM32CubeIDE_2.0.0/STM32CubeIDE/plugins/com.st.stm32cube.ide.mcu.externaltools.gnu-tools-for-stm32.13.3.rel1.win32_1.0.100.202509120712/tools/bin/../lib/gcc/arm-none-eabi/13.3.1/thumb/v7e-m+fp/hard/crti.o
                0x80002d04                _fini
 .fini          0x80002d08        0x8 C:/ST/STM32CubeIDE_2.0.0/STM32CubeIDE/plugins/com.st.stm32cube.ide.mcu.externaltools.gnu-tools-for-stm32.13.3.rel1.win32_1.0.100.202509120712/tools/bin/../lib/gcc/arm-none-eabi/13.3.1/thumb/v7e-m+fp/hard/crtn.o
                0x80002d10                        . = ALIGN (0x4)
                0x80002d10                        _etext = .

.vfp11_veneer   0x80002d10        0x0
 .vfp11_veneer  0x80002d10        0x0 linker stubs

.v4_bx          0x80002d10        0x0
 .v4_bx         0x80002d10        0x0 linker stubs

.iplt           0x80002d10        0x0
 .iplt          0x80002d10        0x0 C:/ST/STM32CubeIDE_2.0.0/STM32CubeIDE/plugins/com.st.stm32cube.ide.mcu.externaltools.gnu-tools-for-stm32.13.3.rel1.win32_1.0.100.202509120712/tools/bin/../lib/gcc/arm-none-eabi/13.3.1/thumb/v7e-m+fp/hard/crtbegin.o

.rodata         0x80002d10      0x104
                0x80002d10                        . = ALIGN (0x4)
 *(.rodata)
 *(.rodata*)
 .rodata.memset_func
                0x80002d10        0x4 ./Src/platform_util.o
 .rodata.K      0x80002d14      0x100 ./Src/sha256.o
                0x80002e14                        . = ALIGN (0x4)

.ARM.extab      0x80002e14        0x0
                0x80002e14                        . = ALIGN (0x4)
 *(.ARM.extab* .gnu.linkonce.armextab.*)
                0x80002e14                        . = ALIGN (0x4)

.ARM            0x80002e14        0x0
                0x80002e14                        . = ALIGN (0x4)
                0x80002e14                        __exidx_start = .
 *(.ARM.exidx*)
                0x80002e14                        __exidx_end = .
                0x80002e14                        . = ALIGN (0x4)

.preinit_array  0x80002e14        0x0
                0x80002e14                        . = ALIGN (0x4)
                0x80002e14                        PROVIDE (__preinit_array_start = .)
 *(.preinit_array*)
                0x80002e14                        PROVIDE (__preinit_array_end = .)
                0x80002e14                        . = ALIGN (0x4)

.init_array     0x80002e14        0x4
                0x80002e14                        . = ALIGN (0x4)
                0x80002e14                        PROVIDE (__init_array_start = .)
 *(SORT_BY_NAME(.init_array.*))
 *(.init_array*)
 .init_array    0x80002e14        0x4 C:/ST/STM32CubeIDE_2.0.0/STM32CubeIDE/plugins/com.st.stm32cube.ide.mcu.externaltools.gnu-tools-for-stm32.13.3.rel1.win32_1.0.100.202509120712/tools/bin/../lib/gcc/arm-none-eabi/13.3.1/thumb/v7e-m+fp/hard/crtbegin.o
                0x80002e18                        PROVIDE (__init_array_end = .)
                0x80002e18                        . = ALIGN (0x4)

.fini_array     0x80002e18        0x4
                0x80002e18                        . = ALIGN (0x4)
                [!provide]                        PROVIDE (__fini_array_start = .)
 *(SORT_BY_NAME(.fini_array.*))
 *(.fini_array*)
 .fini_array    0x80002e18        0x4 C:/ST/STM32CubeIDE_2.0.0/STM32CubeIDE/plugins/com.st.stm32cube.ide.mcu.externaltools.gnu-tools-for-stm32.13.3.rel1.win32_1.0.100.202509120712/tools/bin/../lib/gcc/arm-none-eabi/13.3.1/thumb/v7e-m+fp/hard/crtbegin.o
                [!provide]                        PROVIDE (__fini_array_end = .)
                0x80002e1c                        . = ALIGN (0x4)
                0x80002e1c                        _sidata = LOADADDR (.data)

.rel.dyn        0x80002e1c        0x0
 .rel.iplt      0x80002e1c        0x0 C:/ST/STM32CubeIDE_2.0.0/STM32CubeIDE/plugins/com.st.stm32cube.ide.mcu.externaltools.gnu-tools-for-stm32.13.3.rel1.win32_1.0.100.202509120712/tools/bin/../lib/gcc/arm-none-eabi/13.3.1/thumb/v7e-m+fp/hard/crtbegin.o

.data           0x20000000        0x0 load address 0x80002e1c
                0x20000000                        . = ALIGN (0x4)
                0x20000000                        _sdata = .
 *(.data)
 *(.data*)
 *(.RamFunc)
 *(.RamFunc*)
                0x20000000                        . = ALIGN (0x4)
                0x20000000                        _edata = .

.igot.plt       0x20000000        0x0 load address 0x80002e1c
 .igot.plt      0x20000000        0x0 C:/ST/STM32CubeIDE_2.0.0/STM32CubeIDE/plugins/com.st.stm32cube.ide.mcu.externaltools.gnu-tools-for-stm32.13.3.rel1.win32_1.0.100.202509120712/tools/bin/../lib/gcc/arm-none-eabi/13.3.1/thumb/v7e-m+fp/hard/crtbegin.o
                0x20000000                        . = ALIGN (0x4)

.bss            0x20000000       0x4c load address 0x80002e1c
                0x20000000                        _sbss = .
                0x20000000                        __bss_start__ = _sbss
 *(.bss)
 .bss           0x20000000       0x1c C:/ST/STM32CubeIDE_2.0.0/STM32CubeIDE/plugins/com.st.stm32cube.ide.mcu.externaltools.gnu-tools-for-stm32.13.3.rel1.win32_1.0.100.202509120712/tools/bin/../lib/gcc/arm-none-eabi/13.3.1/thumb/v7e-m+fp/hard/crtbegin.o
 *(.bss*)
 .bss.expected_hash
                0x2000001c       0x20 ./Src/OTA/ota_manager.o
 .bss.bytes_received
                0x2000003c        0x4 ./Src/OTA/ota_manager.o
 .bss.ota_staging_addr
                0x20000040        0x4 ./Src/OTA/ota_manager.o
 .bss.ota_firmware_length
                0x20000044        0x4 ./Src/OTA/ota_manager.o
 .bss.ota_state
                0x20000048        0x1 ./Src/OTA/ota_manager.o
 *(COMMON)
                0x2000004c                        . = ALIGN (0x4)
 *fill*         0x20000049        0x3 
                0x2000004c                        _ebss = .
                0x2000004c                        __bss_end__ = _ebss

._user_heap_stack
                0x2000004c      0x604 load address 0x80002e1c
                0x20000050                        . = ALIGN (0x8)
 *fill*         0x2000004c        0x4 
                [!provide]                        PROVIDE (end = .)
                0x20000050                        PROVIDE (_end = .)
                0x20000250                        . = (. + _Min_Heap_Size)
 *fill*         0x20000050      0x200 
                0x20000650                        . = (. + _Min_Stack_Size)
 *fill*         0x20000250      0x400 
                0x20000650                        . = ALIGN (0x8)

/DISCARD/
 libc.a(*)
 libm.a(*)
 libgcc.a(*)

.ARM.attributes
                0x00000000       0x30
 *(.ARM.attributes)
 .ARM.attributes
                0x00000000       0x22 C:/ST/STM32CubeIDE_2.0.0/STM32CubeIDE/plugins/com.st.stm32cube.ide.mcu.externaltools.gnu-tools-for-stm32.13.3.rel1.win32_1.0.100.202509120712/tools/bin/../lib/gcc/arm-none-eabi/13.3.1/thumb/v7e-m+fp/hard/crti.o
 .ARM.attributes
                0x00000022       0x34 C:/ST/STM32CubeIDE_2.0.0/STM32CubeIDE/plugins/com.st.stm32cube.ide.mcu.externaltools.gnu-tools-for-stm32.13.3.rel1.win32_1.0.100.202509120712/tools/bin/../lib/gcc/arm-none-eabi/13.3.1/thumb/v7e-m+fp/hard/crtbegin.o
 .ARM.attributes
                0x00000056       0x34 ./Src/BOOTLOADER/boot_control.o
 .ARM.attributes
                0x0000008a       0x34 ./Src/BOOTLOADER/boot_jump.o
 .ARM.attributes
                0x000000be       0x34 ./Src/OTA/ota_manager.o
 .ARM.attributes
                0x000000f2       0x34 ./Src/flash_if.o
 .ARM.attributes
                0x00000126       0x34 ./Src/main.o
 .ARM.attributes
                0x0000015a       0x34 ./Src/platform_util.o
 .ARM.attributes
                0x0000018e       0x34 ./Src/sha256.o
 .ARM.attributes
                0x000001c2       0x34 ./Src/uart_if.o
 .ARM.attributes
                0x000001f6       0x21 ./Startup/startup_stm32f411retx.o
 .ARM.attributes
                0x00000217       0x34 C:/ST/STM32CubeIDE_2.0.0/STM32CubeIDE/plugins/com.st.stm32cube.ide.mcu.externaltools.gnu-tools-for-stm32.13.3.rel1.win32_1.0.100.202509120712/tools/bin/../lib/gcc/arm-none-eabi/13.3.1/../../../../arm-none-eabi/lib/thumb/v7e-m+fp/hard\libc_nano.a(libc_a-memcmp.o)
 .ARM.attributes
                0x0000024b       0x34 C:/ST/STM32CubeIDE_2.0.0/STM32CubeIDE/plugins/com.st.stm32cube.ide.mcu.externaltools.gnu-tools-for-stm32.13.3.rel1.win32_1.0.100.202509120712/tools/bin/../lib/gcc/arm-none-eabi/13.3.1/../../../../arm-none-eabi/lib/thumb/v7e-m+fp/hard\libc_nano.a(libc_a-memset.o)
 .ARM.attributes
                0x0000027f       0x34 C:/ST/STM32CubeIDE_2.0.0/STM32CubeIDE/plugins/com.st.stm32cube.ide.mcu.externaltools.gnu-tools-for-stm32.13.3.rel1.win32_1.0.100.202509120712/tools/bin/../lib/gcc/arm-none-eabi/13.3.1/../../../../arm-none-eabi/lib/thumb/v7e-m+fp/hard\libc_nano.a(libc_a-init.o)
 .ARM.attributes
                0x000002b3       0x34 C:/ST/STM32CubeIDE_2.0.0/STM32CubeIDE/plugins/com.st.stm32cube.ide.mcu.externaltools.gnu-tools-for-stm32.13.3.rel1.win32_1.0.100.202509120712/tools/bin/../lib/gcc/arm-none-eabi/13.3.1/../../../../arm-none-eabi/lib/thumb/v7e-m+fp/hard\libc_nano.a(libc_a-memcpy-stub.o)
 .ARM.attributes
                0x000002e7       0x22 C:/ST/STM32CubeIDE_2.0.0/STM32CubeIDE/plugins/com.st.stm32cube.ide.mcu.externaltools.gnu-tools-for-stm32.13.3.rel1.win32_1.0.100.202509120712/tools/bin/../lib/gcc/arm-none-eabi/13.3.1/thumb/v7e-m+fp/hard/crtn.o
OUTPUT(BootLoader.elf elf32-littlearm)
LOAD linker stubs
LOAD C:/ST/STM32CubeIDE_2.0.0/STM32CubeIDE/plugins/com.st.stm32cube.ide.mcu.externaltools.gnu-tools-for-stm32.13.3.rel1.win32_1.0.100.202509120712/tools/bin/../lib/gcc/arm-none-eabi/13.3.1/../../../../arm-none-eabi/lib/thumb/v7e-m+fp/hard\libc.a
LOAD C:/ST/STM32CubeIDE_2.0.0/STM32CubeIDE/plugins/com.st.stm32cube.ide.mcu.externaltools.gnu-tools-for-stm32.13.3.rel1.win32_1.0.100.202509120712/tools/bin/../lib/gcc/arm-none-eabi/13.3.1/../../../../arm-none-eabi/lib/thumb/v7e-m+fp/hard\libm.a
LOAD C:/ST/STM32CubeIDE_2.0.0/STM32CubeIDE/plugins/com.st.stm32cube.ide.mcu.externaltools.gnu-tools-for-stm32.13.3.rel1.win32_1.0.100.202509120712/tools/bin/../lib/gcc/arm-none-eabi/13.3.1/thumb/v7e-m+fp/hard\libgcc.a

.debug_info     0x00000000     0x15ba
 .debug_info    0x00000000      0x107 ./Src/BOOTLOADER/boot_control.o
 .debug_info    0x00000107      0x110 ./Src/BOOTLOADER/boot_jump.o
 .debug_info    0x00000217      0x345 ./Src/OTA/ota_manager.o
 .debug_info    0x0000055c      0x1cc ./Src/flash_if.o
 .debug_info    0x00000728       0x56 ./Src/main.o
 .debug_info    0x0000077e      0x244 ./Src/platform_util.o
 .debug_info    0x000009c2      0x76e ./Src/sha256.o
 .debug_info    0x00001130      0x45a ./Src/uart_if.o
 .debug_info    0x0000158a       0x30 ./Startup/startup_stm32f411retx.o

.debug_abbrev   0x00000000      0x962
 .debug_abbrev  0x00000000       0xc5 ./Src/BOOTLOADER/boot_control.o
 .debug_abbrev  0x000000c5       0xb0 ./Src/BOOTLOADER/boot_jump.o
 .debug_abbrev  0x00000175      0x1a4 ./Src/OTA/ota_manager.o
 .debug_abbrev  0x00000319      0x128 ./Src/flash_if.o
 .debug_abbrev  0x00000441       0x52 ./Src/main.o
 .debug_abbrev  0x00000493      0x127 ./Src/platform_util.o
 .debug_abbrev  0x000005ba      0x245 ./Src/sha256.o
 .debug_abbrev  0x000007ff      0x13f ./Src/uart_if.o
 .debug_abbrev  0x0000093e       0x24 ./Startup/startup_stm32f411retx.o

.debug_aranges  0x00000000      0x1d0
 .debug_aranges
                0x00000000       0x28 ./Src/BOOTLOADER/boot_control.o
 .debug_aranges
                0x00000028       0x20 ./Src/BOOTLOADER/boot_jump.o
 .debug_aranges
                0x00000048       0x28 ./Src/OTA/ota_manager.o
 .debug_aranges
                0x00000070       0x28 ./Src/flash_if.o
 .debug_aranges
                0x00000098       0x20 ./Src/main.o
 .debug_aranges
                0x000000b8       0x28 ./Src/platform_util.o
 .debug_aranges
                0x000000e0       0x88 ./Src/sha256.o
 .debug_aranges
                0x00000168       0x40 ./Src/uart_if.o
 .debug_aranges
                0x000001a8       0x28 ./Startup/startup_stm32f411retx.o

.debug_rnglists
                0x00000000      0x138
 .debug_rnglists
                0x00000000       0x19 ./Src/BOOTLOADER/boot_control.o
 .debug_rnglists
                0x00000019       0x13 ./Src/BOOTLOADER/boot_jump.o
 .debug_rnglists
                0x0000002c       0x1a ./Src/OTA/ota_manager.o
 .debug_rnglists
                0x00000046       0x1b ./Src/flash_if.o
 .debug_rnglists
                0x00000061       0x13 ./Src/main.o
 .debug_rnglists
                0x00000074       0x19 ./Src/platform_util.o
 .debug_rnglists
                0x0000008d       0x66 ./Src/sha256.o
 .debug_rnglists
                0x000000f3       0x2c ./Src/uart_if.o
 .debug_rnglists
                0x0000011f       0x19 ./Startup/startup_stm32f411retx.o

.debug_macro    0x00000000     0xfa93
 .debug_macro   0x00000000      0x259 ./Src/BOOTLOADER/boot_control.o
 .debug_macro   0x00000259      0xae4 ./Src/BOOTLOADER/boot_control.o
 .debug_macro   0x00000d3d       0x3a ./Src/BOOTLOADER/boot_control.o
 .debug_macro   0x00000d77       0x22 ./Src/BOOTLOADER/boot_control.o
 .debug_macro   0x00000d99       0x22 ./Src/BOOTLOADER/boot_control.o
 .debug_macro   0x00000dbb       0x8e ./Src/BOOTLOADER/boot_control.o
 .debug_macro   0x00000e49       0x51 ./Src/BOOTLOADER/boot_control.o
 .debug_macro   0x00000e9a      0x103 ./Src/BOOTLOADER/boot_control.o
 .debug_macro   0x00000f9d       0x6a ./Src/BOOTLOADER/boot_control.o
 .debug_macro   0x00001007      0x1df ./Src/BOOTLOADER/boot_control.o
 .debug_macro   0x000011e6       0x28 ./Src/BOOTLOADER/boot_control.o
 .debug_macro   0x0000120e       0x1c ./Src/BOOTLOADER/boot_control.o
 .debug_macro   0x0000122a       0x22 ./Src/BOOTLOADER/boot_control.o
 .debug_macro   0x0000124c       0xfb ./Src/BOOTLOADER/boot_control.o
 .debug_macro   0x00001347     0x1011 ./Src/BOOTLOADER/boot_control.o
 .debug_macro   0x00002358      0x11f ./Src/BOOTLOADER/boot_control.o
 .debug_macro   0x00002477     0xb953 ./Src/BOOTLOADER/boot_control.o
 .debug_macro   0x0000ddca       0x28 ./Src/BOOTLOADER/boot_control.o
 .debug_macro   0x0000ddf2      0x3d5 ./Src/BOOTLOADER/boot_control.o
 .debug_macro   0x0000e1c7       0x61 ./Src/BOOTLOADER/boot_control.o
 .debug_macro   0x0000e228      0x190 ./Src/BOOTLOADER/boot_control.o
 .debug_macro   0x0000e3b8      0x370 ./Src/BOOTLOADER/boot_control.o
 .debug_macro   0x0000e728       0x7c ./Src/BOOTLOADER/boot_control.o
 .debug_macro   0x0000e7a4       0x17 ./Src/BOOTLOADER/boot_control.o
 .debug_macro   0x0000e7bb      0x118 ./Src/BOOTLOADER/boot_control.o
 .debug_macro   0x0000e8d3       0x12 ./Src/BOOTLOADER/boot_control.o
 .debug_macro   0x0000e8e5       0x2c ./Src/BOOTLOADER/boot_control.o
 .debug_macro   0x0000e911       0x2a ./Src/BOOTLOADER/boot_control.o
 .debug_macro   0x0000e93b       0x43 ./Src/BOOTLOADER/boot_control.o
 .debug_macro   0x0000e97e       0x34 ./Src/BOOTLOADER/boot_control.o
 .debug_macro   0x0000e9b2       0x16 ./Src/BOOTLOADER/boot_control.o
 .debug_macro   0x0000e9c8       0x4a ./Src/BOOTLOADER/boot_control.o
 .debug_macro   0x0000ea12       0x34 ./Src/BOOTLOADER/boot_control.o
 .debug_macro   0x0000ea46       0x10 ./Src/BOOTLOADER/boot_control.o
 .debug_macro   0x0000ea56       0x58 ./Src/BOOTLOADER/boot_control.o
 .debug_macro   0x0000eaae       0x8e ./Src/BOOTLOADER/boot_control.o
 .debug_macro   0x0000eb3c       0x1c ./Src/BOOTLOADER/boot_control.o
 .debug_macro   0x0000eb58      0x185 ./Src/BOOTLOADER/boot_control.o
 .debug_macro   0x0000ecdd       0x10 ./Src/BOOTLOADER/boot_control.o
 .debug_macro   0x0000eced       0x3c ./Src/BOOTLOADER/boot_control.o
 .debug_macro   0x0000ed29       0x20 ./Src/BOOTLOADER/boot_control.o
 .debug_macro   0x0000ed49       0x89 ./Src/BOOTLOADER/boot_jump.o
 .debug_macro   0x0000edd2      0x24b ./Src/OTA/ota_manager.o
 .debug_macro   0x0000f01d       0xd2 ./Src/flash_if.o
 .debug_macro   0x0000f0ef       0x37 ./Src/main.o
 .debug_macro   0x0000f126      0x2b3 ./Src/platform_util.o
 .debug_macro   0x0000f3d9       0x5c ./Src/platform_util.o
 .debug_macro   0x0000f435       0xb8 ./Src/platform_util.o
 .debug_macro   0x0000f4ed       0x16 ./Src/platform_util.o
 .debug_macro   0x0000f503      0x12a ./Src/platform_util.o
 .debug_macro   0x0000f62d       0x22 ./Src/platform_util.o
 .debug_macro   0x0000f64f       0x1c ./Src/platform_util.o
 .debug_macro   0x0000f66b      0x35f ./Src/sha256.o
 .debug_macro   0x0000f9ca       0xc9 ./Src/uart_if.o

.debug_line     0x00000000     0x370a
 .debug_line    0x00000000      0x844 ./Src/BOOTLOADER/boot_control.o
 .debug_line    0x00000844      0x4fc ./Src/BOOTLOADER/boot_jump.o
 .debug_line    0x00000d40      0x89e ./Src/OTA/ota_manager.o
 .debug_line    0x000015de      0x61f ./Src/flash_if.o
 .debug_line    0x00001bfd      0x189 ./Src/main.o
 .debug_line    0x00001d86      0x749 ./Src/platform_util.o
 .debug_line    0x000024cf      0xb83 ./Src/sha256.o
 .debug_line    0x00003052      0x63d ./Src/uart_if.o
 .debug_line    0x0000368f       0x7b ./Startup/startup_stm32f411retx.o

.debug_str      0x00000000    0x56f97
 .debug_str     0x00000000    0x56f97 ./Src/BOOTLOADER/boot_control.o
                              0x5420e (size before relaxing)
 .debug_str     0x00056f97        0x0 ./Src/BOOTLOADER/boot_jump.o
                               0x4931 (size before relaxing)
 .debug_str     0x00056f97        0x0 ./Src/OTA/ota_manager.o
                              0x5438d (size before relaxing)
 .debug_str     0x00056f97        0x0 ./Src/flash_if.o
                              0x4f786 (size before relaxing)
 .debug_str     0x00056f97        0x0 ./Src/main.o
                               0x3025 (size before relaxing)
 .debug_str     0x00056f97        0x0 ./Src/platform_util.o
                               0xa419 (size before relaxing)
 .debug_str     0x00056f97        0x0 ./Src/sha256.o
                               0xb0d7 (size before relaxing)
 .debug_str     0x00056f97        0x0 ./Src/uart_if.o
                              0x4f88c (size before relaxing)
 .debug_str     0x00056f97        0x0 ./Startup/startup_stm32f411retx.o
                                 0x7d (size before relaxing)

.comment        0x00000000       0x43
 .comment       0x00000000       0x43 ./Src/BOOTLOADER/boot_control.o
                                 0x44 (size before relaxing)
 .comment       0x00000043        0x0 ./Src/BOOTLOADER/boot_jump.o
                                 0x44 (size before relaxing)
 .comment       0x00000043        0x0 ./Src/OTA/ota_manager.o
                                 0x44 (size before relaxing)
 .comment       0x00000043        0x0 ./Src/flash_if.o
                                 0x44 (size before relaxing)
 .comment       0x00000043        0x0 ./Src/main.o
                                 0x44 (size before relaxing)
 .comment       0x00000043        0x0 ./Src/platform_util.o
                                 0x44 (size before relaxing)
 .comment       0x00000043        0x0 ./Src/sha256.o
                                 0x44 (size before relaxing)
 .comment       0x00000043        0x0 ./Src/uart_if.o
                                 0x44 (size before relaxing)

.debug_frame    0x00000000      0x548
 .debug_frame   0x00000000       0x54 ./Src/BOOTLOADER/boot_control.o
 .debug_frame   0x00000054       0x34 ./Src/BOOTLOADER/boot_jump.o
 .debug_frame   0x00000088       0x5c ./Src/OTA/ota_manager.o
 .debug_frame   0x000000e4       0x60 ./Src/flash_if.o
 .debug_frame   0x00000144       0x2c ./Src/main.o
 .debug_frame   0x00000170       0x58 ./Src/platform_util.o
 .debug_frame   0x000001c8      0x218 ./Src/sha256.o
 .debug_frame   0x000003e0       0xcc ./Src/uart_if.o
 .debug_frame   0x000004ac       0x28 C:/ST/STM32CubeIDE_2.0.0/STM32CubeIDE/plugins/com.st.stm32cube.ide.mcu.externaltools.gnu-tools-for-stm32.13.3.rel1.win32_1.0.100.202509120712/tools/bin/../lib/gcc/arm-none-eabi/13.3.1/../../../../arm-none-eabi/lib/thumb/v7e-m+fp/hard\libc_nano.a(libc_a-memcmp.o)
 .debug_frame   0x000004d4       0x20 C:/ST/STM32CubeIDE_2.0.0/STM32CubeIDE/plugins/com.st.stm32cube.ide.mcu.externaltools.gnu-tools-for-stm32.13.3.rel1.win32_1.0.100.202509120712/tools/bin/../lib/gcc/arm-none-eabi/13.3.1/../../../../arm-none-eabi/lib/thumb/v7e-m+fp/hard\libc_nano.a(libc_a-memset.o)
 .debug_frame   0x000004f4       0x2c C:/ST/STM32CubeIDE_2.0.0/STM32CubeIDE/plugins/com.st.stm32cube.ide.mcu.externaltools.gnu-tools-for-stm32.13.3.rel1.win32_1.0.100.202509120712/tools/bin/../lib/gcc/arm-none-eabi/13.3.1/../../../../arm-none-eabi/lib/thumb/v7e-m+fp/hard\libc_nano.a(libc_a-init.o)
 .debug_frame   0x00000520       0x28 C:/ST/STM32CubeIDE_2.0.0/STM32CubeIDE/plugins/com.st.stm32cube.ide.mcu.externaltools.gnu-tools-for-stm32.13.3.rel1.win32_1.0.100.202509120712/tools/bin/../lib/gcc/arm-none-eabi/13.3.1/../../../../arm-none-eabi/lib/thumb/v7e-m+fp/hard\libc_nano.a(libc_a-memcpy-stub.o)

.debug_line_str
                0x00000000       0x61
 .debug_line_str
                0x00000000       0x61 ./Startup/startup_stm32f411retx.o
